
> University attendance@0.1.0 build
> next build

   Γû▓ Next.js 15.5.7
   - Environments: .env
   - Experiments (use with caution):
     ┬╖ clientTraceMetadata
     ┬╖ optimizePackageImports

   Creating an optimized production build ...
